// Jest Snapshot v1, https://goo.gl/fbAQLP

exports[`Album should match the snapshot 1`] = `
ShallowWrapper {
  Symbol(enzyme.__root__): [Circular],
  Symbol(enzyme.__unrendered__): <Album
    albumId={1}
    tiggleDisplay={[MockFunction]}
  />,
  Symbol(enzyme.__renderer__): Object {
    "batchedUpdates": [Function],
    "checkPropTypes": [Function],
    "getNode": [Function],
    "render": [Function],
    "simulateError": [Function],
    "simulateEvent": [Function],
    "unmount": [Function],
  },
  Symbol(enzyme.__node__): Object {
    "instance": null,
    "key": undefined,
    "nodeType": "host",
    "props": Object {
      "children": Array [
        <section
          className="track-container"
        >
          <article
            className="album-info"
          >
            <h1
              className="album-name"
            >
               
               
            </h1>
            <p
              className="artist"
            >
               by: 
               
            </p>
            <p
              className="album-genre"
            >
               genre: 
               
            </p>
          </article>
          <article
            className="track-list"
          >
            <ul>
               
               
            </ul>
          </article>
        </section>,
        <form
          onSubmit={[Function]}
        >
           add a track:
          <input
            name="name"
            onChange={[Function]}
            placeholder="name"
            value=""
          />
          <input
            name="duration"
            onChange={[Function]}
            placeholder="duration"
            value=""
          />
          <button
            type="submit"
          >
             submit 
          </button>
        </form>,
        <button
          className="view-albums-button"
          onClick={[Function]}
        >
          View All Ablums
        </button>,
      ],
      "className": "vinyl-container",
    },
    "ref": null,
    "rendered": Array [
      Object {
        "instance": null,
        "key": undefined,
        "nodeType": "host",
        "props": Object {
          "children": Array [
            <article
              className="album-info"
            >
              <h1
                className="album-name"
              >
                 
                 
              </h1>
              <p
                className="artist"
              >
                 by: 
                 
              </p>
              <p
                className="album-genre"
              >
                 genre: 
                 
              </p>
            </article>,
            <article
              className="track-list"
            >
              <ul>
                 
                 
              </ul>
            </article>,
          ],
          "className": "track-container",
        },
        "ref": null,
        "rendered": Array [
          Object {
            "instance": null,
            "key": undefined,
            "nodeType": "host",
            "props": Object {
              "children": Array [
                <h1
                  className="album-name"
                >
                   
                   
                </h1>,
                <p
                  className="artist"
                >
                   by: 
                   
                </p>,
                <p
                  className="album-genre"
                >
                   genre: 
                   
                </p>,
              ],
              "className": "album-info",
            },
            "ref": null,
            "rendered": Array [
              Object {
                "instance": null,
                "key": undefined,
                "nodeType": "host",
                "props": Object {
                  "children": Array [
                    " ",
                    undefined,
                    " ",
                  ],
                  "className": "album-name",
                },
                "ref": null,
                "rendered": Array [
                  " ",
                  undefined,
                  " ",
                ],
                "type": "h1",
              },
              Object {
                "instance": null,
                "key": undefined,
                "nodeType": "host",
                "props": Object {
                  "children": Array [
                    " by: ",
                    undefined,
                    " ",
                  ],
                  "className": "artist",
                },
                "ref": null,
                "rendered": Array [
                  " by: ",
                  undefined,
                  " ",
                ],
                "type": "p",
              },
              Object {
                "instance": null,
                "key": undefined,
                "nodeType": "host",
                "props": Object {
                  "children": Array [
                    " genre: ",
                    undefined,
                    " ",
                  ],
                  "className": "album-genre",
                },
                "ref": null,
                "rendered": Array [
                  " genre: ",
                  undefined,
                  " ",
                ],
                "type": "p",
              },
            ],
            "type": "article",
          },
          Object {
            "instance": null,
            "key": undefined,
            "nodeType": "host",
            "props": Object {
              "children": <ul>
                 
                 
              </ul>,
              "className": "track-list",
            },
            "ref": null,
            "rendered": Object {
              "instance": null,
              "key": undefined,
              "nodeType": "host",
              "props": Object {
                "children": Array [
                  " ",
                  Array [],
                  " ",
                ],
              },
              "ref": null,
              "rendered": Array [
                " ",
                " ",
              ],
              "type": "ul",
            },
            "type": "article",
          },
        ],
        "type": "section",
      },
      Object {
        "instance": null,
        "key": undefined,
        "nodeType": "host",
        "props": Object {
          "children": Array [
            " add a track:",
            <input
              name="name"
              onChange={[Function]}
              placeholder="name"
              value=""
            />,
            <input
              name="duration"
              onChange={[Function]}
              placeholder="duration"
              value=""
            />,
            <button
              type="submit"
            >
               submit 
            </button>,
          ],
          "onSubmit": [Function],
        },
        "ref": null,
        "rendered": Array [
          " add a track:",
          Object {
            "instance": null,
            "key": undefined,
            "nodeType": "host",
            "props": Object {
              "name": "name",
              "onChange": [Function],
              "placeholder": "name",
              "value": "",
            },
            "ref": null,
            "rendered": null,
            "type": "input",
          },
          Object {
            "instance": null,
            "key": undefined,
            "nodeType": "host",
            "props": Object {
              "name": "duration",
              "onChange": [Function],
              "placeholder": "duration",
              "value": "",
            },
            "ref": null,
            "rendered": null,
            "type": "input",
          },
          Object {
            "instance": null,
            "key": undefined,
            "nodeType": "host",
            "props": Object {
              "children": " submit ",
              "type": "submit",
            },
            "ref": null,
            "rendered": " submit ",
            "type": "button",
          },
        ],
        "type": "form",
      },
      Object {
        "instance": null,
        "key": undefined,
        "nodeType": "host",
        "props": Object {
          "children": "View All Ablums",
          "className": "view-albums-button",
          "onClick": [Function],
        },
        "ref": null,
        "rendered": "View All Ablums",
        "type": "button",
      },
    ],
    "type": "div",
  },
  Symbol(enzyme.__nodes__): Array [
    Object {
      "instance": null,
      "key": undefined,
      "nodeType": "host",
      "props": Object {
        "children": Array [
          <section
            className="track-container"
          >
            <article
              className="album-info"
            >
              <h1
                className="album-name"
              >
                 
                 
              </h1>
              <p
                className="artist"
              >
                 by: 
                 
              </p>
              <p
                className="album-genre"
              >
                 genre: 
                 
              </p>
            </article>
            <article
              className="track-list"
            >
              <ul>
                 
                 
              </ul>
            </article>
          </section>,
          <form
            onSubmit={[Function]}
          >
             add a track:
            <input
              name="name"
              onChange={[Function]}
              placeholder="name"
              value=""
            />
            <input
              name="duration"
              onChange={[Function]}
              placeholder="duration"
              value=""
            />
            <button
              type="submit"
            >
               submit 
            </button>
          </form>,
          <button
            className="view-albums-button"
            onClick={[Function]}
          >
            View All Ablums
          </button>,
        ],
        "className": "vinyl-container",
      },
      "ref": null,
      "rendered": Array [
        Object {
          "instance": null,
          "key": undefined,
          "nodeType": "host",
          "props": Object {
            "children": Array [
              <article
                className="album-info"
              >
                <h1
                  className="album-name"
                >
                   
                   
                </h1>
                <p
                  className="artist"
                >
                   by: 
                   
                </p>
                <p
                  className="album-genre"
                >
                   genre: 
                   
                </p>
              </article>,
              <article
                className="track-list"
              >
                <ul>
                   
                   
                </ul>
              </article>,
            ],
            "className": "track-container",
          },
          "ref": null,
          "rendered": Array [
            Object {
              "instance": null,
              "key": undefined,
              "nodeType": "host",
              "props": Object {
                "children": Array [
                  <h1
                    className="album-name"
                  >
                     
                     
                  </h1>,
                  <p
                    className="artist"
                  >
                     by: 
                     
                  </p>,
                  <p
                    className="album-genre"
                  >
                     genre: 
                     
                  </p>,
                ],
                "className": "album-info",
              },
              "ref": null,
              "rendered": Array [
                Object {
                  "instance": null,
                  "key": undefined,
                  "nodeType": "host",
                  "props": Object {
                    "children": Array [
                      " ",
                      undefined,
                      " ",
                    ],
                    "className": "album-name",
                  },
                  "ref": null,
                  "rendered": Array [
                    " ",
                    undefined,
                    " ",
                  ],
                  "type": "h1",
                },
                Object {
                  "instance": null,
                  "key": undefined,
                  "nodeType": "host",
                  "props": Object {
                    "children": Array [
                      " by: ",
                      undefined,
                      " ",
                    ],
                    "className": "artist",
                  },
                  "ref": null,
                  "rendered": Array [
                    " by: ",
                    undefined,
                    " ",
                  ],
                  "type": "p",
                },
                Object {
                  "instance": null,
                  "key": undefined,
                  "nodeType": "host",
                  "props": Object {
                    "children": Array [
                      " genre: ",
                      undefined,
                      " ",
                    ],
                    "className": "album-genre",
                  },
                  "ref": null,
                  "rendered": Array [
                    " genre: ",
                    undefined,
                    " ",
                  ],
                  "type": "p",
                },
              ],
              "type": "article",
            },
            Object {
              "instance": null,
              "key": undefined,
              "nodeType": "host",
              "props": Object {
                "children": <ul>
                   
                   
                </ul>,
                "className": "track-list",
              },
              "ref": null,
              "rendered": Object {
                "instance": null,
                "key": undefined,
                "nodeType": "host",
                "props": Object {
                  "children": Array [
                    " ",
                    Array [],
                    " ",
                  ],
                },
                "ref": null,
                "rendered": Array [
                  " ",
                  " ",
                ],
                "type": "ul",
              },
              "type": "article",
            },
          ],
          "type": "section",
        },
        Object {
          "instance": null,
          "key": undefined,
          "nodeType": "host",
          "props": Object {
            "children": Array [
              " add a track:",
              <input
                name="name"
                onChange={[Function]}
                placeholder="name"
                value=""
              />,
              <input
                name="duration"
                onChange={[Function]}
                placeholder="duration"
                value=""
              />,
              <button
                type="submit"
              >
                 submit 
              </button>,
            ],
            "onSubmit": [Function],
          },
          "ref": null,
          "rendered": Array [
            " add a track:",
            Object {
              "instance": null,
              "key": undefined,
              "nodeType": "host",
              "props": Object {
                "name": "name",
                "onChange": [Function],
                "placeholder": "name",
                "value": "",
              },
              "ref": null,
              "rendered": null,
              "type": "input",
            },
            Object {
              "instance": null,
              "key": undefined,
              "nodeType": "host",
              "props": Object {
                "name": "duration",
                "onChange": [Function],
                "placeholder": "duration",
                "value": "",
              },
              "ref": null,
              "rendered": null,
              "type": "input",
            },
            Object {
              "instance": null,
              "key": undefined,
              "nodeType": "host",
              "props": Object {
                "children": " submit ",
                "type": "submit",
              },
              "ref": null,
              "rendered": " submit ",
              "type": "button",
            },
          ],
          "type": "form",
        },
        Object {
          "instance": null,
          "key": undefined,
          "nodeType": "host",
          "props": Object {
            "children": "View All Ablums",
            "className": "view-albums-button",
            "onClick": [Function],
          },
          "ref": null,
          "rendered": "View All Ablums",
          "type": "button",
        },
      ],
      "type": "div",
    },
  ],
  Symbol(enzyme.__options__): Object {
    "adapter": ReactSixteenAdapter {
      "options": Object {
        "enableComponentDidUpdateOnSetState": true,
        "legacyContextMode": "parent",
        "lifecycles": Object {
          "componentDidUpdate": Object {
            "onSetState": true,
          },
          "getChildContext": Object {
            "calledByRenderer": false,
          },
          "getDerivedStateFromProps": true,
          "getSnapshotBeforeUpdate": true,
          "setState": Object {
            "skipsComponentDidUpdateOnNullish": true,
          },
        },
      },
    },
  },
}
`;
